// Jest Snapshot v1, https://goo.gl/fbAQLP

exports[`should match Snapshot 1`] = `
"<div className=\\"wrapper\\">
  <div className=\\"titleWrapper\\">
    <h4 className=\\"title\\">
      Population
    </h4>
    <AboutTooltip text=\\"Total population\\" color=\\"JOBS_600\\" className=\\"aboutChartIcon\\" />
  </div>
  <div className=\\"metaWrapper\\">
    <Icon className=\\"indicatorTypeMark\\" color=\\"JOBS_900\\" icon=\\"contextualIndicator\\" size={14} />
    Contextual
     indicator
  </div>
  <div className=\\"descriptionLabel\\">
    Total population
  </div>
  <div className=\\"chartWrapper\\">
    <AbstractWidget config={{...}} />
  </div>
</div>"
`;
